2026-06-17 18:52:34,662 [INFO] [SYSTEM] Synchronising clock with Binance server…
2026-06-17 18:52:34,864 [INFO] [SYSTEM] Clock synchronised. Offset: 51142ms.
2026-06-17 18:52:34,879 [INFO] [SYSTEM] Bot started. Tracking 9 positions.
2026-06-17 18:52:34,879 [INFO] [SYSTEM] Running one-time wallet ingestion…
2026-06-17 18:52:36,856 [INFO] [INGESTION] Adopting untracked holding: NEAR 4.195800 (~$9.69)
2026-06-17 18:52:39,581 [INFO] [INGESTION] NEARUSDT registered | entry=2.3100 | TP=2.4150 | SL=2.2570
2026-06-17 18:52:39,581 [INFO] [INGESTION] Slot limit reached — stopping ingestion.
2026-06-17 18:52:39,583 [INFO] [SYSTEM] Ingestion complete. Tracking 10 positions.
2026-06-17 18:52:39,583 [INFO] ======================================================================
2026-06-17 18:52:39,583 [INFO] [LOOP] Cycle #1 | 2026-06-17 18:52:39
2026-06-17 18:52:39,583 [INFO] [MONITOR] Evaluating 10 open positions…
2026-06-17 18:52:39,807 [INFO] [DATA] TRXUSDT | now=0.3203 | entry=0.3173 | PnL=+0.95%
2026-06-17 18:52:39,985 [INFO] [DATA] SPCXBUSDT | now=210.0300 | entry=214.4700 | PnL=-2.07%
2026-06-17 18:52:40,128 [INFO] [DATA] RLUSDUSDT | now=1.0009 | entry=1.0008 | PnL=+0.01%
2026-06-17 18:52:40,260 [INFO] [DATA] ALLOUSDT | now=0.3689 | entry=0.3978 | PnL=-7.26%
2026-06-17 18:52:40,396 [INFO] [DATA] WLDUSDT | now=0.6602 | entry=0.6348 | PnL=+4.00%
2026-06-17 18:52:40,563 [INFO] [DATA] XLMUSDT | now=0.2240 | entry=0.2262 | PnL=-0.97%
2026-06-17 18:52:40,742 [INFO] [DATA] ENAUSDT | now=0.0904 | entry=0.0897 | PnL=+0.78%
2026-06-17 18:52:40,964 [INFO] [DATA] AAVEUSDT | now=75.0800 | entry=75.0100 | PnL=+0.09%
2026-06-17 18:52:41,198 [INFO] [DATA] UNIUSDT | now=3.3090 | entry=3.3250 | PnL=-0.48%
2026-06-17 18:52:41,434 [INFO] [DATA] NEARUSDT | now=2.3070 | entry=2.3100 | PnL=-0.13%
2026-06-17 18:52:41,434 [INFO] [INVENTORY] 10/10 slots used — 0 vacant.
2026-06-17 18:52:41,434 [INFO] [STANDBY] Maximum capacity reached.
2026-06-17 18:52:41,434 [INFO] [SLEEP] Sleeping for 120s…
2026-06-17 18:54:41,435 [INFO] ======================================================================
2026-06-17 18:54:41,435 [INFO] [LOOP] Cycle #2 | 2026-06-17 18:54:41
2026-06-17 18:54:41,436 [INFO] [MONITOR] Evaluating 10 open positions…
2026-06-17 18:54:41,574 [INFO] [DATA] TRXUSDT | now=0.3204 | entry=0.3173 | PnL=+0.98%
2026-06-17 18:54:41,711 [INFO] [DATA] SPCXBUSDT | now=210.8400 | entry=214.4700 | PnL=-1.69%
2026-06-17 18:54:41,853 [INFO] [DATA] RLUSDUSDT | now=1.0009 | entry=1.0008 | PnL=+0.01%
2026-06-17 18:54:41,983 [INFO] [DATA] ALLOUSDT | now=0.3691 | entry=0.3978 | PnL=-7.21%
2026-06-17 18:54:42,130 [INFO] [DATA] WLDUSDT | now=0.6581 | entry=0.6348 | PnL=+3.67%
2026-06-17 18:54:42,263 [INFO] [DATA] XLMUSDT | now=0.2241 | entry=0.2262 | PnL=-0.93%
2026-06-17 18:54:42,413 [INFO] [DATA] ENAUSDT | now=0.0905 | entry=0.0897 | PnL=+0.89%
2026-06-17 18:54:42,548 [INFO] [DATA] AAVEUSDT | now=74.9800 | entry=75.0100 | PnL=-0.04%
2026-06-17 18:54:42,681 [INFO] [DATA] UNIUSDT | now=3.2930 | entry=3.3250 | PnL=-0.96%
2026-06-17 18:54:42,828 [INFO] [DATA] NEARUSDT | now=2.3030 | entry=2.3100 | PnL=-0.30%
2026-06-17 18:54:42,828 [INFO] [INVENTORY] 10/10 slots used — 0 vacant.
2026-06-17 18:54:42,828 [INFO] [STANDBY] Maximum capacity reached.
2026-06-17 18:54:42,828 [INFO] [SLEEP] Sleeping for 120s…
2026-06-17 18:56:42,837 [INFO] ======================================================================
2026-06-17 18:56:42,837 [INFO] [LOOP] Cycle #3 | 2026-06-17 18:56:42
2026-06-17 18:56:42,837 [INFO] [MONITOR] Evaluating 10 open positions…
2026-06-17 18:56:42,977 [INFO] [DATA] TRXUSDT | now=0.3204 | entry=0.3173 | PnL=+0.98%
2026-06-17 18:56:43,117 [INFO] [DATA] SPCXBUSDT | now=210.9800 | entry=214.4700 | PnL=-1.63%
2026-06-17 18:56:43,255 [INFO] [DATA] RLUSDUSDT | now=1.0009 | entry=1.0008 | PnL=+0.01%
2026-06-17 18:56:43,395 [INFO] [DATA] ALLOUSDT | now=0.3695 | entry=0.3978 | PnL=-7.11%
2026-06-17 18:56:43,534 [INFO] [DATA] WLDUSDT | now=0.6599 | entry=0.6348 | PnL=+3.95%
2026-06-17 18:56:43,672 [INFO] [DATA] XLMUSDT | now=0.2243 | entry=0.2262 | PnL=-0.84%
2026-06-17 18:56:43,812 [INFO] [DATA] ENAUSDT | now=0.0907 | entry=0.0897 | PnL=+1.11%
2026-06-17 18:56:43,953 [INFO] [DATA] AAVEUSDT | now=74.9600 | entry=75.0100 | PnL=-0.07%
2026-06-17 18:56:44,097 [INFO] [DATA] UNIUSDT | now=3.2970 | entry=3.3250 | PnL=-0.84%
2026-06-17 18:56:44,237 [INFO] [DATA] NEARUSDT | now=2.3030 | entry=2.3100 | PnL=-0.30%
2026-06-17 18:56:44,237 [INFO] [INVENTORY] 10/10 slots used — 0 vacant.
2026-06-17 18:56:44,238 [INFO] [STANDBY] Maximum capacity reached.
2026-06-17 18:56:44,238 [INFO] [SLEEP] Sleeping for 120s…
2026-06-17 18:58:44,238 [INFO] ======================================================================
2026-06-17 18:58:44,238 [INFO] [LOOP] Cycle #4 | 2026-06-17 18:58:44
2026-06-17 18:58:44,238 [INFO] [MONITOR] Evaluating 10 open positions…
2026-06-17 18:58:44,379 [INFO] [DATA] TRXUSDT | now=0.3204 | entry=0.3173 | PnL=+0.98%
2026-06-17 18:58:44,518 [INFO] [DATA] SPCXBUSDT | now=210.1200 | entry=214.4700 | PnL=-2.03%
2026-06-17 18:58:44,658 [INFO] [DATA] RLUSDUSDT | now=1.0010 | entry=1.0008 | PnL=+0.02%
2026-06-17 18:58:44,796 [INFO] [DATA] ALLOUSDT | now=0.3692 | entry=0.3978 | PnL=-7.19%
2026-06-17 18:58:44,930 [INFO] [DATA] WLDUSDT | now=0.6631 | entry=0.6348 | PnL=+4.46%
2026-06-17 18:58:45,066 [INFO] [DATA] XLMUSDT | now=0.2251 | entry=0.2262 | PnL=-0.49%
2026-06-17 18:58:45,206 [INFO] [DATA] ENAUSDT | now=0.0908 | entry=0.0897 | PnL=+1.23%
2026-06-17 18:58:45,345 [INFO] [DATA] AAVEUSDT | now=75.0100 | entry=75.0100 | PnL=+0.00%
2026-06-17 18:58:45,485 [INFO] [DATA] UNIUSDT | now=3.2960 | entry=3.3250 | PnL=-0.87%
2026-06-17 18:58:45,623 [INFO] [DATA] NEARUSDT | now=2.3120 | entry=2.3100 | PnL=+0.09%
2026-06-17 18:58:45,624 [INFO] [INVENTORY] 10/10 slots used — 0 vacant.
2026-06-17 18:58:45,624 [INFO] [STANDBY] Maximum capacity reached.
2026-06-17 18:58:45,624 [INFO] [SLEEP] Sleeping for 120s…
