2026-06-16 11:16:29,174 [INFO] [SYSTEM] Calibrating network time offsets with Binance Server...
2026-06-16 11:16:29,285 [INFO] [SYSTEM] Engine clock synchronized. Offset: 50878ms.
2026-06-16 11:16:29,285 [INFO] [SYSTEM] Algorithmic Core Active. Tracking 0 active nodes.
2026-06-16 11:16:29,285 [INFO] [INGESTION] Scanning spot wallet balances for unmanaged holdings...
2026-06-16 11:16:29,410 [WARNING] [ERROR] Balance ingestion process failure: APIError(code=-2015): Invalid API-key, IP, or permissions for action.
2026-06-16 11:16:29,410 [INFO] [INVENTORY] Storage Metrics: 0 open slots, 10 vacant lanes.
2026-06-16 11:16:29,530 [INFO] [LIQUIDITY] Available cash allocation power: $0.00 USDT
2026-06-16 11:16:29,530 [INFO] [STANDBY] Deployment structural sweep halted. Free USDT insufficient.
2026-06-16 11:16:29,530 [INFO] [SLEEP] Scan complete. Sleeping thread track for 120 seconds...
2026-06-16 11:18:29,536 [INFO] [INGESTION] Scanning spot wallet balances for unmanaged holdings...
2026-06-16 11:18:29,656 [WARNING] [ERROR] Balance ingestion process failure: APIError(code=-2015): Invalid API-key, IP, or permissions for action.
2026-06-16 11:18:29,656 [INFO] [INVENTORY] Storage Metrics: 0 open slots, 10 vacant lanes.
2026-06-16 11:18:29,773 [INFO] [LIQUIDITY] Available cash allocation power: $0.00 USDT
2026-06-16 11:18:29,773 [INFO] [STANDBY] Deployment structural sweep halted. Free USDT insufficient.
2026-06-16 11:18:29,773 [INFO] [SLEEP] Scan complete. Sleeping thread track for 120 seconds...
2026-06-16 11:20:29,784 [INFO] [INGESTION] Scanning spot wallet balances for unmanaged holdings...
2026-06-16 11:20:29,888 [WARNING] [ERROR] Balance ingestion process failure: APIError(code=-2015): Invalid API-key, IP, or permissions for action.
2026-06-16 11:20:29,888 [INFO] [INVENTORY] Storage Metrics: 0 open slots, 10 vacant lanes.
2026-06-16 11:20:30,004 [INFO] [LIQUIDITY] Available cash allocation power: $0.00 USDT
2026-06-16 11:20:30,004 [INFO] [STANDBY] Deployment structural sweep halted. Free USDT insufficient.
2026-06-16 11:20:30,004 [INFO] [SLEEP] Scan complete. Sleeping thread track for 120 seconds...
2026-06-16 11:22:30,017 [INFO] [INGESTION] Scanning spot wallet balances for unmanaged holdings...
2026-06-16 11:22:30,137 [WARNING] [ERROR] Balance ingestion process failure: APIError(code=-2015): Invalid API-key, IP, or permissions for action.
2026-06-16 11:22:30,137 [INFO] [INVENTORY] Storage Metrics: 0 open slots, 10 vacant lanes.
2026-06-16 11:22:30,247 [INFO] [LIQUIDITY] Available cash allocation power: $0.00 USDT
2026-06-16 11:22:30,247 [INFO] [STANDBY] Deployment structural sweep halted. Free USDT insufficient.
2026-06-16 11:22:30,247 [INFO] [SLEEP] Scan complete. Sleeping thread track for 120 seconds...
2026-06-16 11:24:30,259 [INFO] [INGESTION] Scanning spot wallet balances for unmanaged holdings...
2026-06-16 11:24:30,378 [WARNING] [ERROR] Balance ingestion process failure: APIError(code=-2015): Invalid API-key, IP, or permissions for action.
2026-06-16 11:24:30,378 [INFO] [INVENTORY] Storage Metrics: 0 open slots, 10 vacant lanes.
2026-06-16 11:24:30,485 [INFO] [LIQUIDITY] Available cash allocation power: $0.00 USDT
2026-06-16 11:24:30,485 [INFO] [STANDBY] Deployment structural sweep halted. Free USDT insufficient.
2026-06-16 11:24:30,485 [INFO] [SLEEP] Scan complete. Sleeping thread track for 120 seconds...
2026-06-16 11:26:30,495 [INFO] [INGESTION] Scanning spot wallet balances for unmanaged holdings...
2026-06-16 11:26:30,611 [WARNING] [ERROR] Balance ingestion process failure: APIError(code=-2015): Invalid API-key, IP, or permissions for action.
2026-06-16 11:26:30,612 [INFO] [INVENTORY] Storage Metrics: 0 open slots, 10 vacant lanes.
2026-06-16 11:26:30,719 [INFO] [LIQUIDITY] Available cash allocation power: $0.00 USDT
2026-06-16 11:26:30,719 [INFO] [STANDBY] Deployment structural sweep halted. Free USDT insufficient.
2026-06-16 11:26:30,719 [INFO] [SLEEP] Scan complete. Sleeping thread track for 120 seconds...
2026-06-16 11:28:30,731 [INFO] [INGESTION] Scanning spot wallet balances for unmanaged holdings...
2026-06-16 11:28:30,846 [WARNING] [ERROR] Balance ingestion process failure: APIError(code=-2015): Invalid API-key, IP, or permissions for action.
2026-06-16 11:28:30,846 [INFO] [INVENTORY] Storage Metrics: 0 open slots, 10 vacant lanes.
2026-06-16 11:28:30,956 [INFO] [LIQUIDITY] Available cash allocation power: $0.00 USDT
2026-06-16 11:28:30,956 [INFO] [STANDBY] Deployment structural sweep halted. Free USDT insufficient.
2026-06-16 11:28:30,956 [INFO] [SLEEP] Scan complete. Sleeping thread track for 120 seconds...
2026-06-16 11:30:30,961 [INFO] [INGESTION] Scanning spot wallet balances for unmanaged holdings...
2026-06-16 11:30:31,077 [WARNING] [ERROR] Balance ingestion process failure: APIError(code=-2015): Invalid API-key, IP, or permissions for action.
2026-06-16 11:30:31,077 [INFO] [INVENTORY] Storage Metrics: 0 open slots, 10 vacant lanes.
2026-06-16 11:30:31,187 [INFO] [LIQUIDITY] Available cash allocation power: $0.00 USDT
2026-06-16 11:30:31,187 [INFO] [STANDBY] Deployment structural sweep halted. Free USDT insufficient.
2026-06-16 11:30:31,187 [INFO] [SLEEP] Scan complete. Sleeping thread track for 120 seconds...
2026-06-16 11:32:31,197 [INFO] [INGESTION] Scanning spot wallet balances for unmanaged holdings...
2026-06-16 11:32:31,312 [WARNING] [ERROR] Balance ingestion process failure: APIError(code=-2015): Invalid API-key, IP, or permissions for action.
2026-06-16 11:32:31,312 [INFO] [INVENTORY] Storage Metrics: 0 open slots, 10 vacant lanes.
2026-06-16 11:32:31,421 [INFO] [LIQUIDITY] Available cash allocation power: $0.00 USDT
2026-06-16 11:32:31,421 [INFO] [STANDBY] Deployment structural sweep halted. Free USDT insufficient.
2026-06-16 11:32:31,421 [INFO] [SLEEP] Scan complete. Sleeping thread track for 120 seconds...
2026-06-16 11:34:31,429 [INFO] [INGESTION] Scanning spot wallet balances for unmanaged holdings...
2026-06-16 11:34:31,548 [WARNING] [ERROR] Balance ingestion process failure: APIError(code=-2015): Invalid API-key, IP, or permissions for action.
2026-06-16 11:34:31,548 [INFO] [INVENTORY] Storage Metrics: 0 open slots, 10 vacant lanes.
2026-06-16 11:34:31,655 [INFO] [LIQUIDITY] Available cash allocation power: $0.00 USDT
2026-06-16 11:34:31,655 [INFO] [STANDBY] Deployment structural sweep halted. Free USDT insufficient.
2026-06-16 11:34:31,655 [INFO] [SLEEP] Scan complete. Sleeping thread track for 120 seconds...
