2026-06-17 17:43:15,958 [INFO] [SYSTEM] Synchronising clock with Binance server…
2026-06-17 17:43:16,078 [INFO] [SYSTEM] Clock synchronised. Offset: 51599ms.
2026-06-17 17:43:16,108 [INFO] [SYSTEM] Bot started. Tracking 10 positions.
2026-06-17 17:43:16,108 [INFO] [SYSTEM] Running one-time wallet ingestion…
2026-06-17 17:43:16,228 [INFO] [INGESTION] Slot limit reached — stopping ingestion.
2026-06-17 17:43:16,228 [INFO] [SYSTEM] Ingestion complete. Tracking 10 positions.
2026-06-17 17:43:16,228 [INFO] ======================================================================
2026-06-17 17:43:16,228 [INFO] [LOOP] Cycle #1 | 2026-06-17 17:43:16
2026-06-17 17:43:16,228 [INFO] [MONITOR] Evaluating 10 open positions…
2026-06-17 17:43:16,346 [INFO] [DATA] TRXUSDT | now=0.3203 | entry=0.3173 | PnL=+0.95%
2026-06-17 17:43:16,462 [INFO] [DATA] SPCXBUSDT | now=203.9300 | entry=214.4700 | PnL=-4.91%
2026-06-17 17:43:16,595 [INFO] [DATA] UNIUSDT | now=3.3200 | entry=2.9650 | PnL=+11.97%
2026-06-17 17:43:16,595 [INFO] [EXIT] TP hit for UNIUSDT.
2026-06-17 17:43:17,405 [WARNING] [EXIT] UNIUSDT: quantity mismatch (-2010). Fetching actual balance and retrying…
2026-06-17 17:43:17,530 [ERROR] [EXIT] UNIUSDT: actual balance is zero — nothing to sell.
2026-06-17 17:43:17,530 [WARNING] [EXIT] UNIUSDT: sell attempt 1/3 failed — will retry next cycle.
2026-06-17 17:43:17,647 [INFO] [DATA] XPLUSDT | now=0.0961 | entry=0.0939 | PnL=+2.34%
2026-06-17 17:43:17,779 [INFO] [DATA] RLUSDUSDT | now=1.0009 | entry=1.0008 | PnL=+0.01%
2026-06-17 17:43:17,895 [INFO] [DATA] ALLOUSDT | now=0.3769 | entry=0.3978 | PnL=-5.25%
2026-06-17 17:43:18,016 [INFO] [DATA] WLDUSDT | now=0.6568 | entry=0.6348 | PnL=+3.47%
2026-06-17 17:43:18,135 [INFO] [DATA] BABYUSDT | now=0.0162 | entry=0.0174 | PnL=-7.11%
2026-06-17 17:43:18,135 [INFO] [EXIT] SL hit for BABYUSDT.
2026-06-17 17:43:18,872 [INFO] [EXIT] BABYUSDT sold (STOP_LOSS) qty=567.000000
2026-06-17 17:43:18,872 [INFO] [COOLDOWN] BABYUSDT locked for 3600s.
2026-06-17 17:43:18,979 [INFO] [DATA] INJUSDT | now=5.4120 | entry=5.7290 | PnL=-5.53%
2026-06-17 17:43:18,979 [INFO] [EXIT] SL hit for INJUSDT.
2026-06-17 17:43:19,692 [WARNING] [EXIT] INJUSDT: quantity mismatch (-2010). Fetching actual balance and retrying…
2026-06-17 17:43:20,524 [ERROR] [EXIT] INJUSDT: normalised qty is zero — cannot sell.
2026-06-17 17:43:20,524 [WARNING] [EXIT] INJUSDT: sell attempt 1/3 failed — will retry next cycle.
2026-06-17 17:43:20,646 [INFO] [DATA] ASTERUSDT | now=0.7300 | entry=0.6530 | PnL=+11.79%
2026-06-17 17:43:20,647 [INFO] [EXIT] TP hit for ASTERUSDT.
2026-06-17 17:43:21,184 [WARNING] [EXIT] ASTERUSDT: quantity mismatch (-2010). Fetching actual balance and retrying…
2026-06-17 17:43:22,016 [INFO] [EXIT] ASTERUSDT sold (TAKE_PROFIT) qty=15.310000
2026-06-17 17:43:22,016 [INFO] [COOLDOWN] ASTERUSDT locked for 3600s.
2026-06-17 17:43:22,016 [INFO] [INVENTORY] 8/10 slots used — 2 vacant.
2026-06-17 17:43:22,147 [INFO] [LIQUIDITY] Free USDT: $44.01
2026-06-17 17:43:29,898 [INFO] HTTP Request: POST http://127.0.0.1:11434/api/generate "HTTP/1.1 200 OK"
2026-06-17 17:43:29,900 [INFO] [FILTER] ZECUSDT below EMA-50 (price=490.1000, ema=499.9800). Skipping.
2026-06-17 17:43:30,331 [INFO] HTTP Request: POST http://127.0.0.1:11434/api/generate "HTTP/1.1 200 OK"
2026-06-17 17:43:30,331 [INFO] [FILTER] NEARUSDT below EMA-50 (price=2.2990, ema=2.3287). Skipping.
2026-06-17 17:43:30,741 [INFO] HTTP Request: POST http://127.0.0.1:11434/api/generate "HTTP/1.1 200 OK"
2026-06-17 17:43:30,741 [INFO] [FILTER] TAOUSDT below EMA-50 (price=254.0000, ema=259.9381). Skipping.
2026-06-17 17:43:31,170 [INFO] HTTP Request: POST http://127.0.0.1:11434/api/generate "HTTP/1.1 200 OK"
2026-06-17 17:43:31,170 [INFO] [DEPLOY] XLMUSDT passed all filters — entering…
2026-06-17 17:43:31,784 [INFO] [TRADE] Placing market buy for XLMUSDT — qty=44.000000
2026-06-17 17:43:33,184 [INFO] [TRADE] XLMUSDT entered | entry=0.2262 | TP=0.2465 | SL=0.2160
2026-06-17 17:43:33,703 [INFO] HTTP Request: POST http://127.0.0.1:11434/api/generate "HTTP/1.1 200 OK"
2026-06-17 17:43:33,703 [INFO] [DEPLOY] ENAUSDT passed all filters — entering…
2026-06-17 17:43:34,284 [INFO] [TRADE] Placing market buy for ENAUSDT — qty=111.480000
2026-06-17 17:43:35,518 [INFO] [TRADE] ENAUSDT entered | entry=0.0897 | TP=0.0961 | SL=0.0864
2026-06-17 17:43:35,518 [INFO] [SLEEP] Sleeping for 120s…
2026-06-17 17:45:35,530 [INFO] ======================================================================
2026-06-17 17:45:35,530 [INFO] [LOOP] Cycle #2 | 2026-06-17 17:45:35
2026-06-17 17:45:35,530 [INFO] [MONITOR] Evaluating 10 open positions…
2026-06-17 17:45:35,654 [INFO] [DATA] TRXUSDT | now=0.3204 | entry=0.3173 | PnL=+0.98%
2026-06-17 17:45:35,774 [INFO] [DATA] SPCXBUSDT | now=204.5100 | entry=214.4700 | PnL=-4.64%
2026-06-17 17:45:35,886 [INFO] [DATA] XPLUSDT | now=0.0966 | entry=0.0939 | PnL=+2.88%
2026-06-17 17:45:36,004 [INFO] [DATA] RLUSDUSDT | now=1.0009 | entry=1.0008 | PnL=+0.01%
2026-06-17 17:45:36,129 [INFO] [DATA] ALLOUSDT | now=0.3765 | entry=0.3978 | PnL=-5.35%
2026-06-17 17:45:36,447 [INFO] [DATA] WLDUSDT | now=0.6574 | entry=0.6348 | PnL=+3.56%
2026-06-17 17:45:36,560 [INFO] [DATA] UNIUSDT | now=3.2950 | entry=2.9650 | PnL=+11.13%
2026-06-17 17:45:36,679 [INFO] [DATA] INJUSDT | now=5.4100 | entry=5.7290 | PnL=-5.57%
2026-06-17 17:45:36,679 [INFO] [EXIT] SL hit for INJUSDT.
2026-06-17 17:45:37,499 [WARNING] [EXIT] INJUSDT: quantity mismatch (-2010). Fetching actual balance and retrying…
2026-06-17 17:45:38,846 [ERROR] [EXIT] INJUSDT: normalised qty is zero — cannot sell.
2026-06-17 17:45:38,846 [WARNING] [EXIT] INJUSDT: sell attempt 2/3 failed — will retry next cycle.
2026-06-17 17:45:38,979 [INFO] [DATA] XLMUSDT | now=0.2258 | entry=0.2262 | PnL=-0.18%
2026-06-17 17:45:39,098 [INFO] [DATA] ENAUSDT | now=0.0898 | entry=0.0897 | PnL=+0.11%
2026-06-17 17:45:39,099 [INFO] [INVENTORY] 10/10 slots used — 0 vacant.
2026-06-17 17:45:39,099 [INFO] [STANDBY] Maximum capacity reached.
2026-06-17 17:45:39,099 [INFO] [SLEEP] Sleeping for 120s…
2026-06-17 17:47:39,100 [INFO] ======================================================================
2026-06-17 17:47:39,100 [INFO] [LOOP] Cycle #3 | 2026-06-17 17:47:39
2026-06-17 17:47:39,100 [INFO] [MONITOR] Evaluating 10 open positions…
2026-06-17 17:47:39,215 [INFO] [DATA] TRXUSDT | now=0.3203 | entry=0.3173 | PnL=+0.95%
2026-06-17 17:47:39,324 [INFO] [DATA] SPCXBUSDT | now=204.4500 | entry=214.4700 | PnL=-4.67%
2026-06-17 17:47:39,430 [INFO] [DATA] XPLUSDT | now=0.0966 | entry=0.0939 | PnL=+2.88%
2026-06-17 17:47:39,563 [INFO] [DATA] RLUSDUSDT | now=1.0009 | entry=1.0008 | PnL=+0.01%
2026-06-17 17:47:39,669 [INFO] [DATA] ALLOUSDT | now=0.3746 | entry=0.3978 | PnL=-5.83%
2026-06-17 17:47:39,798 [INFO] [DATA] WLDUSDT | now=0.6579 | entry=0.6348 | PnL=+3.64%
2026-06-17 17:47:39,904 [INFO] [DATA] UNIUSDT | now=3.2740 | entry=2.9650 | PnL=+10.42%
2026-06-17 17:47:40,016 [INFO] [DATA] XLMUSDT | now=0.2255 | entry=0.2262 | PnL=-0.31%
2026-06-17 17:47:40,135 [INFO] [DATA] ENAUSDT | now=0.0891 | entry=0.0897 | PnL=-0.67%
2026-06-17 17:47:40,246 [INFO] [DATA] INJUSDT | now=5.4140 | entry=5.7290 | PnL=-5.50%
2026-06-17 17:47:40,246 [INFO] [EXIT] SL hit for INJUSDT.
2026-06-17 17:47:40,880 [WARNING] [EXIT] INJUSDT: quantity mismatch (-2010). Fetching actual balance and retrying…
2026-06-17 17:47:41,697 [ERROR] [EXIT] INJUSDT: normalised qty is zero — cannot sell.
2026-06-17 17:47:41,697 [ERROR] [EXIT] INJUSDT: sell failed 3 times in a row. Removing from tracked positions — PLEASE SELL MANUALLY on Binance.
2026-06-17 17:47:41,699 [INFO] [INVENTORY] 9/10 slots used — 1 vacant.
2026-06-17 17:47:41,812 [INFO] [LIQUIDITY] Free USDT: $24.05
2026-06-17 17:47:42,868 [INFO] HTTP Request: POST http://127.0.0.1:11434/api/generate "HTTP/1.1 200 OK"
2026-06-17 17:47:42,869 [INFO] [FILTER] ZECUSDT below EMA-50 (price=490.5400, ema=499.9973). Skipping.
2026-06-17 17:47:43,275 [INFO] HTTP Request: POST http://127.0.0.1:11434/api/generate "HTTP/1.1 200 OK"
2026-06-17 17:47:43,275 [INFO] [FILTER] NEARUSDT below EMA-50 (price=2.3000, ema=2.3287). Skipping.
2026-06-17 17:47:43,667 [INFO] HTTP Request: POST http://127.0.0.1:11434/api/generate "HTTP/1.1 200 OK"
2026-06-17 17:47:43,668 [INFO] [FILTER] TAOUSDT below EMA-50 (price=252.9000, ema=259.8950). Skipping.
2026-06-17 17:47:44,073 [INFO] HTTP Request: POST http://127.0.0.1:11434/api/generate "HTTP/1.1 200 OK"
2026-06-17 17:47:44,073 [INFO] [FILTER] SUIUSDT below EMA-50 (price=0.7887, ema=0.7936). Skipping.
2026-06-17 17:47:44,481 [INFO] HTTP Request: POST http://127.0.0.1:11434/api/generate "HTTP/1.1 200 OK"
2026-06-17 17:47:44,482 [INFO] [FILTER] SENTUSDT RSI 44.4 outside safe band [45, 65]. Skipping.
2026-06-17 17:47:44,915 [INFO] HTTP Request: POST http://127.0.0.1:11434/api/generate "HTTP/1.1 200 OK"
2026-06-17 17:47:44,915 [INFO] [FILTER] ONDOUSDT below EMA-50 (price=0.3694, ema=0.3730). Skipping.
2026-06-17 17:47:45,339 [INFO] HTTP Request: POST http://127.0.0.1:11434/api/generate "HTTP/1.1 200 OK"
2026-06-17 17:47:45,339 [INFO] [FILTER] JTOUSDT below EMA-50 (price=0.7353, ema=0.7446). Skipping.
2026-06-17 17:47:45,756 [INFO] HTTP Request: POST http://127.0.0.1:11434/api/generate "HTTP/1.1 200 OK"
2026-06-17 17:47:45,757 [INFO] [FILTER] INJUSDT below EMA-50 (price=5.4140, ema=5.5527). Skipping.
2026-06-17 17:47:46,168 [INFO] HTTP Request: POST http://127.0.0.1:11434/api/generate "HTTP/1.1 200 OK"
2026-06-17 17:47:46,169 [INFO] [DEPLOY] AAVEUSDT passed all filters — entering…
2026-06-17 17:47:46,762 [INFO] [TRADE] Placing market buy for AAVEUSDT — qty=0.133000
2026-06-17 17:47:48,308 [INFO] [TRADE] AAVEUSDT entered | entry=75.0100 | TP=78.7000 | SL=73.1600
2026-06-17 17:47:48,308 [INFO] [SLEEP] Sleeping for 120s…
2026-06-17 17:49:48,314 [INFO] ======================================================================
2026-06-17 17:49:48,314 [INFO] [LOOP] Cycle #4 | 2026-06-17 17:49:48
2026-06-17 17:49:48,314 [INFO] [MONITOR] Evaluating 10 open positions…
2026-06-17 17:49:48,436 [INFO] [DATA] TRXUSDT | now=0.3202 | entry=0.3173 | PnL=+0.91%
2026-06-17 17:49:48,543 [INFO] [DATA] SPCXBUSDT | now=205.3800 | entry=214.4700 | PnL=-4.24%
2026-06-17 17:49:48,660 [INFO] [DATA] XPLUSDT | now=0.0969 | entry=0.0939 | PnL=+3.19%
2026-06-17 17:49:48,784 [INFO] [DATA] RLUSDUSDT | now=1.0009 | entry=1.0008 | PnL=+0.01%
2026-06-17 17:49:48,902 [INFO] [DATA] ALLOUSDT | now=0.3760 | entry=0.3978 | PnL=-5.48%
2026-06-17 17:49:49,021 [INFO] [DATA] WLDUSDT | now=0.6586 | entry=0.6348 | PnL=+3.75%
2026-06-17 17:49:49,139 [INFO] [DATA] UNIUSDT | now=3.2800 | entry=2.9650 | PnL=+10.62%
2026-06-17 17:49:49,256 [INFO] [DATA] XLMUSDT | now=0.2253 | entry=0.2262 | PnL=-0.40%
2026-06-17 17:49:49,371 [INFO] [DATA] ENAUSDT | now=0.0888 | entry=0.0897 | PnL=-1.00%
2026-06-17 17:49:49,493 [INFO] [DATA] AAVEUSDT | now=74.7200 | entry=75.0100 | PnL=-0.39%
2026-06-17 17:49:49,493 [INFO] [INVENTORY] 10/10 slots used — 0 vacant.
2026-06-17 17:49:49,493 [INFO] [STANDBY] Maximum capacity reached.
2026-06-17 17:49:49,493 [INFO] [SLEEP] Sleeping for 120s…
2026-06-17 17:51:49,503 [INFO] ======================================================================
2026-06-17 17:51:49,503 [INFO] [LOOP] Cycle #5 | 2026-06-17 17:51:49
2026-06-17 17:51:49,503 [INFO] [MONITOR] Evaluating 10 open positions…
2026-06-17 17:51:49,622 [INFO] [DATA] TRXUSDT | now=0.3202 | entry=0.3173 | PnL=+0.91%
2026-06-17 17:51:49,735 [INFO] [DATA] SPCXBUSDT | now=205.0900 | entry=214.4700 | PnL=-4.37%
2026-06-17 17:51:49,851 [INFO] [DATA] XPLUSDT | now=0.0972 | entry=0.0939 | PnL=+3.51%
2026-06-17 17:51:49,982 [INFO] [DATA] RLUSDUSDT | now=1.0009 | entry=1.0008 | PnL=+0.01%
2026-06-17 17:51:50,104 [INFO] [DATA] ALLOUSDT | now=0.3728 | entry=0.3978 | PnL=-6.28%
2026-06-17 17:51:50,220 [INFO] [DATA] WLDUSDT | now=0.6556 | entry=0.6348 | PnL=+3.28%
2026-06-17 17:51:50,335 [INFO] [DATA] UNIUSDT | now=3.2780 | entry=2.9650 | PnL=+10.56%
2026-06-17 17:51:50,465 [INFO] [DATA] XLMUSDT | now=0.2252 | entry=0.2262 | PnL=-0.44%
2026-06-17 17:51:50,574 [INFO] [DATA] ENAUSDT | now=0.0883 | entry=0.0897 | PnL=-1.56%
2026-06-17 17:51:50,693 [INFO] [DATA] AAVEUSDT | now=74.5600 | entry=75.0100 | PnL=-0.60%
2026-06-17 17:51:50,693 [INFO] [INVENTORY] 10/10 slots used — 0 vacant.
2026-06-17 17:51:50,693 [INFO] [STANDBY] Maximum capacity reached.
2026-06-17 17:51:50,693 [INFO] [SLEEP] Sleeping for 120s…
2026-06-17 17:53:50,707 [INFO] ======================================================================
2026-06-17 17:53:50,707 [INFO] [LOOP] Cycle #6 | 2026-06-17 17:53:50
2026-06-17 17:53:50,707 [INFO] [MONITOR] Evaluating 10 open positions…
2026-06-17 17:53:50,823 [INFO] [DATA] TRXUSDT | now=0.3201 | entry=0.3173 | PnL=+0.88%
2026-06-17 17:53:50,934 [INFO] [DATA] SPCXBUSDT | now=205.0400 | entry=214.4700 | PnL=-4.40%
2026-06-17 17:53:51,246 [INFO] [DATA] XPLUSDT | now=0.0976 | entry=0.0939 | PnL=+3.94%
2026-06-17 17:53:51,556 [INFO] [DATA] RLUSDUSDT | now=1.0009 | entry=1.0008 | PnL=+0.01%
2026-06-17 17:53:51,672 [INFO] [DATA] ALLOUSDT | now=0.3747 | entry=0.3978 | PnL=-5.81%
2026-06-17 17:53:51,987 [INFO] [DATA] WLDUSDT | now=0.6546 | entry=0.6348 | PnL=+3.12%
2026-06-17 17:53:52,110 [INFO] [DATA] UNIUSDT | now=3.2760 | entry=2.9650 | PnL=+10.49%
2026-06-17 17:53:52,215 [INFO] [DATA] XLMUSDT | now=0.2251 | entry=0.2262 | PnL=-0.49%
2026-06-17 17:53:52,330 [INFO] [DATA] ENAUSDT | now=0.0875 | entry=0.0897 | PnL=-2.45%
2026-06-17 17:53:52,443 [INFO] [DATA] AAVEUSDT | now=74.4300 | entry=75.0100 | PnL=-0.77%
2026-06-17 17:53:52,443 [INFO] [INVENTORY] 10/10 slots used — 0 vacant.
2026-06-17 17:53:52,443 [INFO] [STANDBY] Maximum capacity reached.
2026-06-17 17:53:52,443 [INFO] [SLEEP] Sleeping for 120s…
2026-06-17 17:55:52,455 [INFO] ======================================================================
2026-06-17 17:55:52,455 [INFO] [LOOP] Cycle #7 | 2026-06-17 17:55:52
2026-06-17 17:55:52,455 [INFO] [MONITOR] Evaluating 10 open positions…
2026-06-17 17:55:52,571 [INFO] [DATA] TRXUSDT | now=0.3201 | entry=0.3173 | PnL=+0.88%
2026-06-17 17:55:52,685 [INFO] [DATA] SPCXBUSDT | now=204.8300 | entry=214.4700 | PnL=-4.49%
2026-06-17 17:55:52,796 [INFO] [DATA] XPLUSDT | now=0.0977 | entry=0.0939 | PnL=+4.05%
2026-06-17 17:55:52,907 [INFO] [DATA] RLUSDUSDT | now=1.0009 | entry=1.0008 | PnL=+0.01%
2026-06-17 17:55:53,019 [INFO] [DATA] ALLOUSDT | now=0.3752 | entry=0.3978 | PnL=-5.68%
2026-06-17 17:55:53,134 [INFO] [DATA] WLDUSDT | now=0.6543 | entry=0.6348 | PnL=+3.07%
2026-06-17 17:55:53,252 [INFO] [DATA] UNIUSDT | now=3.2810 | entry=2.9650 | PnL=+10.66%
2026-06-17 17:55:53,367 [INFO] [DATA] XLMUSDT | now=0.2242 | entry=0.2262 | PnL=-0.88%
2026-06-17 17:55:53,485 [INFO] [DATA] ENAUSDT | now=0.0872 | entry=0.0897 | PnL=-2.79%
2026-06-17 17:55:53,611 [INFO] [DATA] AAVEUSDT | now=74.3600 | entry=75.0100 | PnL=-0.87%
2026-06-17 17:55:53,611 [INFO] [INVENTORY] 10/10 slots used — 0 vacant.
2026-06-17 17:55:53,612 [INFO] [STANDBY] Maximum capacity reached.
2026-06-17 17:55:53,612 [INFO] [SLEEP] Sleeping for 120s…
2026-06-17 17:57:53,613 [INFO] ======================================================================
2026-06-17 17:57:53,613 [INFO] [LOOP] Cycle #8 | 2026-06-17 17:57:53
2026-06-17 17:57:53,613 [INFO] [MONITOR] Evaluating 10 open positions…
2026-06-17 17:57:53,728 [INFO] [DATA] TRXUSDT | now=0.3199 | entry=0.3173 | PnL=+0.82%
2026-06-17 17:57:53,836 [INFO] [DATA] SPCXBUSDT | now=205.0200 | entry=214.4700 | PnL=-4.41%
2026-06-17 17:57:53,945 [INFO] [DATA] XPLUSDT | now=0.1001 | entry=0.0939 | PnL=+6.60%
2026-06-17 17:57:54,076 [INFO] [DATA] RLUSDUSDT | now=1.0009 | entry=1.0008 | PnL=+0.01%
2026-06-17 17:57:54,182 [INFO] [DATA] ALLOUSDT | now=0.3711 | entry=0.3978 | PnL=-6.71%
2026-06-17 17:57:54,296 [INFO] [DATA] WLDUSDT | now=0.6546 | entry=0.6348 | PnL=+3.12%
2026-06-17 17:57:54,423 [INFO] [DATA] UNIUSDT | now=3.2820 | entry=2.9650 | PnL=+10.69%
2026-06-17 17:57:54,531 [INFO] [DATA] XLMUSDT | now=0.2242 | entry=0.2262 | PnL=-0.88%
2026-06-17 17:57:54,654 [INFO] [DATA] ENAUSDT | now=0.0874 | entry=0.0897 | PnL=-2.56%
2026-06-17 17:57:54,768 [INFO] [DATA] AAVEUSDT | now=74.3900 | entry=75.0100 | PnL=-0.83%
2026-06-17 17:57:54,768 [INFO] [INVENTORY] 10/10 slots used — 0 vacant.
2026-06-17 17:57:54,768 [INFO] [STANDBY] Maximum capacity reached.
2026-06-17 17:57:54,768 [INFO] [SLEEP] Sleeping for 120s…
2026-06-17 17:59:54,779 [INFO] ======================================================================
2026-06-17 17:59:54,779 [INFO] [LOOP] Cycle #9 | 2026-06-17 17:59:54
2026-06-17 17:59:54,779 [INFO] [MONITOR] Evaluating 10 open positions…
2026-06-17 17:59:54,897 [INFO] [DATA] TRXUSDT | now=0.3200 | entry=0.3173 | PnL=+0.85%
2026-06-17 17:59:55,006 [INFO] [DATA] SPCXBUSDT | now=205.9100 | entry=214.4700 | PnL=-3.99%
2026-06-17 17:59:55,132 [INFO] [DATA] XPLUSDT | now=0.1022 | entry=0.0939 | PnL=+8.84%
2026-06-17 17:59:55,237 [INFO] [DATA] RLUSDUSDT | now=1.0009 | entry=1.0008 | PnL=+0.01%
2026-06-17 17:59:55,349 [INFO] [DATA] ALLOUSDT | now=0.3700 | entry=0.3978 | PnL=-6.99%
2026-06-17 17:59:55,469 [INFO] [DATA] WLDUSDT | now=0.6529 | entry=0.6348 | PnL=+2.85%
2026-06-17 17:59:55,583 [INFO] [DATA] UNIUSDT | now=3.2690 | entry=2.9650 | PnL=+10.25%
2026-06-17 17:59:55,713 [INFO] [DATA] XLMUSDT | now=0.2243 | entry=0.2262 | PnL=-0.84%
2026-06-17 17:59:55,816 [INFO] [DATA] ENAUSDT | now=0.0873 | entry=0.0897 | PnL=-2.68%
2026-06-17 17:59:55,933 [INFO] [DATA] AAVEUSDT | now=74.3400 | entry=75.0100 | PnL=-0.89%
2026-06-17 17:59:55,933 [INFO] [INVENTORY] 10/10 slots used — 0 vacant.
2026-06-17 17:59:55,933 [INFO] [STANDBY] Maximum capacity reached.
2026-06-17 17:59:55,933 [INFO] [SLEEP] Sleeping for 120s…
2026-06-17 18:01:55,949 [INFO] ======================================================================
2026-06-17 18:01:55,949 [INFO] [LOOP] Cycle #10 | 2026-06-17 18:01:55
2026-06-17 18:01:55,949 [INFO] [MONITOR] Evaluating 10 open positions…
2026-06-17 18:01:56,064 [INFO] [DATA] TRXUSDT | now=0.3200 | entry=0.3173 | PnL=+0.85%
2026-06-17 18:01:56,173 [INFO] [DATA] SPCXBUSDT | now=206.0300 | entry=214.4700 | PnL=-3.94%
2026-06-17 18:01:56,294 [INFO] [DATA] XPLUSDT | now=0.1015 | entry=0.0939 | PnL=+8.09%
2026-06-17 18:01:56,405 [INFO] [DATA] RLUSDUSDT | now=1.0009 | entry=1.0008 | PnL=+0.01%
2026-06-17 18:01:56,526 [INFO] [DATA] ALLOUSDT | now=0.3696 | entry=0.3978 | PnL=-7.09%
2026-06-17 18:01:56,649 [INFO] [DATA] WLDUSDT | now=0.6547 | entry=0.6348 | PnL=+3.13%
2026-06-17 18:01:56,752 [INFO] [DATA] UNIUSDT | now=3.2920 | entry=2.9650 | PnL=+11.03%
2026-06-17 18:01:56,871 [INFO] [DATA] XLMUSDT | now=0.2253 | entry=0.2262 | PnL=-0.40%
2026-06-17 18:01:56,999 [INFO] [DATA] ENAUSDT | now=0.0874 | entry=0.0897 | PnL=-2.56%
2026-06-17 18:01:57,115 [INFO] [DATA] AAVEUSDT | now=74.5700 | entry=75.0100 | PnL=-0.59%
2026-06-17 18:01:57,115 [INFO] [INVENTORY] 10/10 slots used — 0 vacant.
2026-06-17 18:01:57,115 [INFO] [STANDBY] Maximum capacity reached.
2026-06-17 18:01:57,115 [INFO] [SLEEP] Sleeping for 120s…
2026-06-17 18:03:57,117 [INFO] ======================================================================
2026-06-17 18:03:57,117 [INFO] [LOOP] Cycle #11 | 2026-06-17 18:03:57
2026-06-17 18:03:57,117 [INFO] [MONITOR] Evaluating 10 open positions…
2026-06-17 18:03:57,233 [INFO] [DATA] TRXUSDT | now=0.3199 | entry=0.3173 | PnL=+0.82%
2026-06-17 18:03:57,350 [INFO] [DATA] SPCXBUSDT | now=205.8800 | entry=214.4700 | PnL=-4.01%
2026-06-17 18:03:57,469 [INFO] [DATA] XPLUSDT | now=0.1020 | entry=0.0939 | PnL=+8.63%
2026-06-17 18:03:57,573 [INFO] [DATA] RLUSDUSDT | now=1.0009 | entry=1.0008 | PnL=+0.01%
2026-06-17 18:03:57,690 [INFO] [DATA] ALLOUSDT | now=0.3693 | entry=0.3978 | PnL=-7.16%
2026-06-17 18:03:57,807 [INFO] [DATA] WLDUSDT | now=0.6544 | entry=0.6348 | PnL=+3.09%
2026-06-17 18:03:57,921 [INFO] [DATA] UNIUSDT | now=3.2790 | entry=2.9650 | PnL=+10.59%
2026-06-17 18:03:58,035 [INFO] [DATA] XLMUSDT | now=0.2239 | entry=0.2262 | PnL=-1.02%
2026-06-17 18:03:58,164 [INFO] [DATA] ENAUSDT | now=0.0875 | entry=0.0897 | PnL=-2.45%
2026-06-17 18:03:58,268 [INFO] [DATA] AAVEUSDT | now=74.5100 | entry=75.0100 | PnL=-0.67%
2026-06-17 18:03:58,268 [INFO] [INVENTORY] 10/10 slots used — 0 vacant.
2026-06-17 18:03:58,268 [INFO] [STANDBY] Maximum capacity reached.
2026-06-17 18:03:58,268 [INFO] [SLEEP] Sleeping for 120s…
2026-06-17 18:05:58,281 [INFO] ======================================================================
2026-06-17 18:05:58,281 [INFO] [LOOP] Cycle #12 | 2026-06-17 18:05:58
2026-06-17 18:05:58,281 [INFO] [MONITOR] Evaluating 10 open positions…
2026-06-17 18:05:58,395 [INFO] [DATA] TRXUSDT | now=0.3199 | entry=0.3173 | PnL=+0.82%
2026-06-17 18:05:58,507 [INFO] [DATA] SPCXBUSDT | now=205.3600 | entry=214.4700 | PnL=-4.25%
2026-06-17 18:05:58,627 [INFO] [DATA] XPLUSDT | now=0.1044 | entry=0.0939 | PnL=+11.18%
2026-06-17 18:05:58,730 [INFO] [DATA] RLUSDUSDT | now=1.0009 | entry=1.0008 | PnL=+0.01%
2026-06-17 18:05:58,846 [INFO] [DATA] ALLOUSDT | now=0.3714 | entry=0.3978 | PnL=-6.64%
2026-06-17 18:05:58,962 [INFO] [DATA] WLDUSDT | now=0.6540 | entry=0.6348 | PnL=+3.02%
2026-06-17 18:05:59,079 [INFO] [DATA] UNIUSDT | now=3.2820 | entry=2.9650 | PnL=+10.69%
2026-06-17 18:05:59,207 [INFO] [DATA] XLMUSDT | now=0.2232 | entry=0.2262 | PnL=-1.33%
2026-06-17 18:05:59,523 [INFO] [DATA] ENAUSDT | now=0.0876 | entry=0.0897 | PnL=-2.34%
2026-06-17 18:05:59,640 [INFO] [DATA] AAVEUSDT | now=74.6600 | entry=75.0100 | PnL=-0.47%
2026-06-17 18:05:59,640 [INFO] [INVENTORY] 10/10 slots used — 0 vacant.
2026-06-17 18:05:59,640 [INFO] [STANDBY] Maximum capacity reached.
2026-06-17 18:05:59,640 [INFO] [SLEEP] Sleeping for 120s…
2026-06-17 18:07:59,641 [INFO] ======================================================================
2026-06-17 18:07:59,641 [INFO] [LOOP] Cycle #13 | 2026-06-17 18:07:59
2026-06-17 18:07:59,641 [INFO] [MONITOR] Evaluating 10 open positions…
2026-06-17 18:07:59,765 [INFO] [DATA] TRXUSDT | now=0.3200 | entry=0.3173 | PnL=+0.85%
2026-06-17 18:07:59,883 [INFO] [DATA] SPCXBUSDT | now=206.7100 | entry=214.4700 | PnL=-3.62%
2026-06-17 18:07:59,999 [INFO] [DATA] XPLUSDT | now=0.1056 | entry=0.0939 | PnL=+12.46%
2026-06-17 18:08:00,129 [INFO] [DATA] RLUSDUSDT | now=1.0009 | entry=1.0008 | PnL=+0.01%
2026-06-17 18:08:00,237 [INFO] [DATA] ALLOUSDT | now=0.3730 | entry=0.3978 | PnL=-6.23%
2026-06-17 18:08:00,366 [INFO] [DATA] WLDUSDT | now=0.6550 | entry=0.6348 | PnL=+3.18%
2026-06-17 18:08:00,480 [INFO] [DATA] UNIUSDT | now=3.2980 | entry=2.9650 | PnL=+11.23%
2026-06-17 18:08:00,599 [INFO] [DATA] XLMUSDT | now=0.2238 | entry=0.2262 | PnL=-1.06%
2026-06-17 18:08:00,704 [INFO] [DATA] ENAUSDT | now=0.0877 | entry=0.0897 | PnL=-2.23%
2026-06-17 18:08:00,881 [INFO] [DATA] AAVEUSDT | now=74.6200 | entry=75.0100 | PnL=-0.52%
2026-06-17 18:08:00,881 [INFO] [INVENTORY] 10/10 slots used — 0 vacant.
2026-06-17 18:08:00,881 [INFO] [STANDBY] Maximum capacity reached.
2026-06-17 18:08:00,881 [INFO] [SLEEP] Sleeping for 120s…
2026-06-17 18:10:00,885 [INFO] ======================================================================
2026-06-17 18:10:00,885 [INFO] [LOOP] Cycle #14 | 2026-06-17 18:10:00
2026-06-17 18:10:00,885 [INFO] [MONITOR] Evaluating 10 open positions…
2026-06-17 18:10:01,005 [INFO] [DATA] TRXUSDT | now=0.3200 | entry=0.3173 | PnL=+0.85%
2026-06-17 18:10:01,124 [INFO] [DATA] SPCXBUSDT | now=206.2300 | entry=214.4700 | PnL=-3.84%
2026-06-17 18:10:01,239 [INFO] [DATA] XPLUSDT | now=0.1056 | entry=0.0939 | PnL=+12.46%
2026-06-17 18:10:01,349 [INFO] [DATA] RLUSDUSDT | now=1.0009 | entry=1.0008 | PnL=+0.01%
2026-06-17 18:10:01,471 [INFO] [DATA] ALLOUSDT | now=0.3714 | entry=0.3978 | PnL=-6.64%
2026-06-17 18:10:01,576 [INFO] [DATA] WLDUSDT | now=0.6542 | entry=0.6348 | PnL=+3.06%
2026-06-17 18:10:01,705 [INFO] [DATA] UNIUSDT | now=3.2900 | entry=2.9650 | PnL=+10.96%
2026-06-17 18:10:01,811 [INFO] [DATA] XLMUSDT | now=0.2235 | entry=0.2262 | PnL=-1.19%
2026-06-17 18:10:01,927 [INFO] [DATA] ENAUSDT | now=0.0876 | entry=0.0897 | PnL=-2.34%
2026-06-17 18:10:02,044 [INFO] [DATA] AAVEUSDT | now=74.4900 | entry=75.0100 | PnL=-0.69%
2026-06-17 18:10:02,044 [INFO] [INVENTORY] 10/10 slots used — 0 vacant.
2026-06-17 18:10:02,044 [INFO] [STANDBY] Maximum capacity reached.
2026-06-17 18:10:02,044 [INFO] [SLEEP] Sleeping for 120s…
2026-06-17 18:12:02,059 [INFO] ======================================================================
2026-06-17 18:12:02,059 [INFO] [LOOP] Cycle #15 | 2026-06-17 18:12:02
2026-06-17 18:12:02,059 [INFO] [MONITOR] Evaluating 10 open positions…
2026-06-17 18:12:02,174 [INFO] [DATA] TRXUSDT | now=0.3202 | entry=0.3173 | PnL=+0.91%
2026-06-17 18:12:02,283 [INFO] [DATA] SPCXBUSDT | now=206.5900 | entry=214.4700 | PnL=-3.67%
2026-06-17 18:12:02,394 [INFO] [DATA] XPLUSDT | now=0.1059 | entry=0.0939 | PnL=+12.78%
2026-06-17 18:12:02,508 [INFO] [DATA] RLUSDUSDT | now=1.0010 | entry=1.0008 | PnL=+0.02%
2026-06-17 18:12:02,633 [INFO] [DATA] ALLOUSDT | now=0.3699 | entry=0.3978 | PnL=-7.01%
2026-06-17 18:12:02,739 [INFO] [DATA] WLDUSDT | now=0.6557 | entry=0.6348 | PnL=+3.29%
2026-06-17 18:12:02,854 [INFO] [DATA] UNIUSDT | now=3.3130 | entry=2.9650 | PnL=+11.74%
2026-06-17 18:12:02,970 [INFO] [DATA] XLMUSDT | now=0.2245 | entry=0.2262 | PnL=-0.75%
2026-06-17 18:12:03,105 [INFO] [DATA] ENAUSDT | now=0.0881 | entry=0.0897 | PnL=-1.78%
2026-06-17 18:12:03,218 [INFO] [DATA] AAVEUSDT | now=74.6500 | entry=75.0100 | PnL=-0.48%
2026-06-17 18:12:03,218 [INFO] [INVENTORY] 10/10 slots used — 0 vacant.
2026-06-17 18:12:03,218 [INFO] [STANDBY] Maximum capacity reached.
2026-06-17 18:12:03,218 [INFO] [SLEEP] Sleeping for 120s…
2026-06-17 18:14:03,221 [INFO] ======================================================================
2026-06-17 18:14:03,221 [INFO] [LOOP] Cycle #16 | 2026-06-17 18:14:03
2026-06-17 18:14:03,221 [INFO] [MONITOR] Evaluating 10 open positions…
2026-06-17 18:14:03,345 [INFO] [DATA] TRXUSDT | now=0.3202 | entry=0.3173 | PnL=+0.91%
2026-06-17 18:14:03,460 [INFO] [DATA] SPCXBUSDT | now=206.9300 | entry=214.4700 | PnL=-3.52%
2026-06-17 18:14:03,572 [INFO] [DATA] XPLUSDT | now=0.1087 | entry=0.0939 | PnL=+15.76%
2026-06-17 18:14:03,572 [INFO] [EXIT] TP hit for XPLUSDT.
2026-06-17 18:14:04,197 [WARNING] [EXIT] XPLUSDT: quantity mismatch (-2010). Fetching actual balance and retrying…
2026-06-17 18:14:04,314 [ERROR] [EXIT] XPLUSDT: actual balance is zero — nothing to sell.
2026-06-17 18:14:04,314 [WARNING] [EXIT] XPLUSDT: sell attempt 1/3 failed — will retry next cycle.
2026-06-17 18:14:04,433 [INFO] [DATA] RLUSDUSDT | now=1.0009 | entry=1.0008 | PnL=+0.01%
2026-06-17 18:14:04,551 [INFO] [DATA] ALLOUSDT | now=0.3713 | entry=0.3978 | PnL=-6.66%
2026-06-17 18:14:04,673 [INFO] [DATA] WLDUSDT | now=0.6586 | entry=0.6348 | PnL=+3.75%
2026-06-17 18:14:04,807 [INFO] [DATA] UNIUSDT | now=3.3290 | entry=2.9650 | PnL=+12.28%
2026-06-17 18:14:04,807 [INFO] [EXIT] TP hit for UNIUSDT.
2026-06-17 18:14:05,462 [WARNING] [EXIT] UNIUSDT: quantity mismatch (-2010). Fetching actual balance and retrying…
2026-06-17 18:14:05,581 [ERROR] [EXIT] UNIUSDT: actual balance is zero — nothing to sell.
2026-06-17 18:14:05,582 [WARNING] [EXIT] UNIUSDT: sell attempt 2/3 failed — will retry next cycle.
2026-06-17 18:14:05,702 [INFO] [DATA] XLMUSDT | now=0.2254 | entry=0.2262 | PnL=-0.35%
2026-06-17 18:14:05,815 [INFO] [DATA] ENAUSDT | now=0.0885 | entry=0.0897 | PnL=-1.34%
2026-06-17 18:14:05,935 [INFO] [DATA] AAVEUSDT | now=74.9400 | entry=75.0100 | PnL=-0.09%
2026-06-17 18:14:05,935 [INFO] [INVENTORY] 10/10 slots used — 0 vacant.
2026-06-17 18:14:05,935 [INFO] [STANDBY] Maximum capacity reached.
2026-06-17 18:14:05,935 [INFO] [SLEEP] Sleeping for 120s…
2026-06-17 18:16:05,944 [INFO] ======================================================================
2026-06-17 18:16:05,944 [INFO] [LOOP] Cycle #17 | 2026-06-17 18:16:05
2026-06-17 18:16:05,944 [INFO] [MONITOR] Evaluating 10 open positions…
2026-06-17 18:16:06,067 [INFO] [DATA] TRXUSDT | now=0.3203 | entry=0.3173 | PnL=+0.95%
2026-06-17 18:16:06,178 [INFO] [DATA] SPCXBUSDT | now=207.0800 | entry=214.4700 | PnL=-3.45%
2026-06-17 18:16:06,296 [INFO] [DATA] RLUSDUSDT | now=1.0009 | entry=1.0008 | PnL=+0.01%
2026-06-17 18:16:06,421 [INFO] [DATA] ALLOUSDT | now=0.3726 | entry=0.3978 | PnL=-6.33%
2026-06-17 18:16:06,535 [INFO] [DATA] WLDUSDT | now=0.6573 | entry=0.6348 | PnL=+3.54%
2026-06-17 18:16:06,656 [INFO] [DATA] XLMUSDT | now=0.2261 | entry=0.2262 | PnL=-0.04%
2026-06-17 18:16:06,778 [INFO] [DATA] ENAUSDT | now=0.0891 | entry=0.0897 | PnL=-0.67%
2026-06-17 18:16:06,895 [INFO] [DATA] AAVEUSDT | now=74.9300 | entry=75.0100 | PnL=-0.11%
2026-06-17 18:16:07,020 [INFO] [DATA] XPLUSDT | now=0.1103 | entry=0.0939 | PnL=+17.47%
2026-06-17 18:16:07,020 [INFO] [EXIT] TP hit for XPLUSDT.
2026-06-17 18:16:07,745 [WARNING] [EXIT] XPLUSDT: quantity mismatch (-2010). Fetching actual balance and retrying…
2026-06-17 18:16:07,871 [ERROR] [EXIT] XPLUSDT: actual balance is zero — nothing to sell.
2026-06-17 18:16:07,871 [WARNING] [EXIT] XPLUSDT: sell attempt 2/3 failed — will retry next cycle.
2026-06-17 18:16:07,997 [INFO] [DATA] UNIUSDT | now=3.3150 | entry=2.9650 | PnL=+11.80%
2026-06-17 18:16:07,997 [INFO] [INVENTORY] 10/10 slots used — 0 vacant.
2026-06-17 18:16:07,998 [INFO] [STANDBY] Maximum capacity reached.
2026-06-17 18:16:07,998 [INFO] [SLEEP] Sleeping for 120s…
2026-06-17 18:18:07,998 [INFO] ======================================================================
2026-06-17 18:18:07,998 [INFO] [LOOP] Cycle #18 | 2026-06-17 18:18:07
2026-06-17 18:18:07,998 [INFO] [MONITOR] Evaluating 10 open positions…
2026-06-17 18:18:08,119 [INFO] [DATA] TRXUSDT | now=0.3203 | entry=0.3173 | PnL=+0.95%
2026-06-17 18:18:08,236 [INFO] [DATA] SPCXBUSDT | now=207.0700 | entry=214.4700 | PnL=-3.45%
2026-06-17 18:18:08,354 [INFO] [DATA] RLUSDUSDT | now=1.0010 | entry=1.0008 | PnL=+0.02%
2026-06-17 18:18:08,471 [INFO] [DATA] ALLOUSDT | now=0.3729 | entry=0.3978 | PnL=-6.26%
2026-06-17 18:18:08,597 [INFO] [DATA] WLDUSDT | now=0.6570 | entry=0.6348 | PnL=+3.50%
2026-06-17 18:18:08,707 [INFO] [DATA] XLMUSDT | now=0.2256 | entry=0.2262 | PnL=-0.27%
2026-06-17 18:18:08,837 [INFO] [DATA] ENAUSDT | now=0.0895 | entry=0.0897 | PnL=-0.22%
2026-06-17 18:18:08,956 [INFO] [DATA] AAVEUSDT | now=75.1000 | entry=75.0100 | PnL=+0.12%
2026-06-17 18:18:09,068 [INFO] [DATA] UNIUSDT | now=3.3220 | entry=2.9650 | PnL=+12.04%
2026-06-17 18:18:09,068 [INFO] [EXIT] TP hit for UNIUSDT.
2026-06-17 18:18:09,761 [WARNING] [EXIT] UNIUSDT: quantity mismatch (-2010). Fetching actual balance and retrying…
2026-06-17 18:18:09,885 [ERROR] [EXIT] UNIUSDT: actual balance is zero — nothing to sell.
2026-06-17 18:18:09,886 [ERROR] [EXIT] UNIUSDT: sell failed 3 times in a row. Removing from tracked positions — PLEASE SELL MANUALLY on Binance.
2026-06-17 18:18:09,998 [INFO] [DATA] XPLUSDT | now=0.1092 | entry=0.0939 | PnL=+16.29%
2026-06-17 18:18:09,998 [INFO] [EXIT] TP hit for XPLUSDT.
2026-06-17 18:18:10,728 [WARNING] [EXIT] XPLUSDT: quantity mismatch (-2010). Fetching actual balance and retrying…
2026-06-17 18:18:10,855 [ERROR] [EXIT] XPLUSDT: actual balance is zero — nothing to sell.
2026-06-17 18:18:10,855 [ERROR] [EXIT] XPLUSDT: sell failed 3 times in a row. Removing from tracked positions — PLEASE SELL MANUALLY on Binance.
2026-06-17 18:18:10,860 [INFO] [INVENTORY] 8/10 slots used — 2 vacant.
2026-06-17 18:18:11,002 [INFO] [LIQUIDITY] Free USDT: $14.08
2026-06-17 18:18:17,040 [INFO] HTTP Request: POST http://127.0.0.1:11434/api/generate "HTTP/1.1 200 OK"
2026-06-17 18:18:17,041 [INFO] [FILTER] ZECUSDT below EMA-50 (price=483.0500, ema=499.7036). Skipping.
2026-06-17 18:18:17,489 [INFO] HTTP Request: POST http://127.0.0.1:11434/api/generate "HTTP/1.1 200 OK"
2026-06-17 18:18:17,490 [INFO] [DEPLOY] UNIUSDT passed all filters — entering…
2026-06-17 18:18:18,307 [INFO] [TRADE] Placing market buy for UNIUSDT — qty=3.010000
2026-06-17 18:18:19,495 [INFO] [TRADE] UNIUSDT entered | entry=3.3250 | TP=3.9470 | SL=3.0130
2026-06-17 18:18:19,497 [INFO] [SLEEP] Sleeping for 120s…
2026-06-17 18:20:19,498 [INFO] ======================================================================
2026-06-17 18:20:19,498 [INFO] [LOOP] Cycle #19 | 2026-06-17 18:20:19
2026-06-17 18:20:19,498 [INFO] [MONITOR] Evaluating 9 open positions…
2026-06-17 18:20:19,623 [INFO] [DATA] TRXUSDT | now=0.3203 | entry=0.3173 | PnL=+0.95%
2026-06-17 18:20:19,742 [INFO] [DATA] SPCXBUSDT | now=207.3200 | entry=214.4700 | PnL=-3.33%
2026-06-17 18:20:19,856 [INFO] [DATA] RLUSDUSDT | now=1.0010 | entry=1.0008 | PnL=+0.02%
2026-06-17 18:20:19,973 [INFO] [DATA] ALLOUSDT | now=0.3704 | entry=0.3978 | PnL=-6.89%
2026-06-17 18:20:20,102 [INFO] [DATA] WLDUSDT | now=0.6561 | entry=0.6348 | PnL=+3.36%
2026-06-17 18:20:20,213 [INFO] [DATA] XLMUSDT | now=0.2259 | entry=0.2262 | PnL=-0.13%
2026-06-17 18:20:20,334 [INFO] [DATA] ENAUSDT | now=0.0893 | entry=0.0897 | PnL=-0.45%
2026-06-17 18:20:20,468 [INFO] [DATA] AAVEUSDT | now=75.0300 | entry=75.0100 | PnL=+0.03%
2026-06-17 18:20:20,591 [INFO] [DATA] UNIUSDT | now=3.3110 | entry=3.3250 | PnL=-0.42%
2026-06-17 18:20:20,591 [INFO] [INVENTORY] 9/10 slots used — 1 vacant.
2026-06-17 18:20:20,707 [INFO] [LIQUIDITY] Free USDT: $4.07
2026-06-17 18:20:20,707 [INFO] [STANDBY] Insufficient USDT (need $10.00).
2026-06-17 18:20:20,707 [INFO] [SLEEP] Sleeping for 120s…
2026-06-17 18:22:20,714 [INFO] ======================================================================
2026-06-17 18:22:20,714 [INFO] [LOOP] Cycle #20 | 2026-06-17 18:22:20
2026-06-17 18:22:20,714 [INFO] [MONITOR] Evaluating 9 open positions…
2026-06-17 18:22:20,834 [INFO] [DATA] TRXUSDT | now=0.3204 | entry=0.3173 | PnL=+0.98%
2026-06-17 18:22:20,939 [INFO] [DATA] SPCXBUSDT | now=208.0000 | entry=214.4700 | PnL=-3.02%
2026-06-17 18:22:21,065 [INFO] [DATA] RLUSDUSDT | now=1.0009 | entry=1.0008 | PnL=+0.01%
2026-06-17 18:22:21,209 [INFO] [DATA] ALLOUSDT | now=0.3710 | entry=0.3978 | PnL=-6.74%
2026-06-17 18:22:21,321 [INFO] [DATA] WLDUSDT | now=0.6562 | entry=0.6348 | PnL=+3.37%
2026-06-17 18:22:21,655 [INFO] [DATA] XLMUSDT | now=0.2263 | entry=0.2262 | PnL=+0.04%
2026-06-17 18:22:21,769 [INFO] [DATA] ENAUSDT | now=0.0894 | entry=0.0897 | PnL=-0.33%
2026-06-17 18:22:21,885 [INFO] [DATA] AAVEUSDT | now=75.0900 | entry=75.0100 | PnL=+0.11%
2026-06-17 18:22:22,009 [INFO] [DATA] UNIUSDT | now=3.3180 | entry=3.3250 | PnL=-0.21%
2026-06-17 18:22:22,009 [INFO] [INVENTORY] 9/10 slots used — 1 vacant.
2026-06-17 18:22:22,143 [INFO] [LIQUIDITY] Free USDT: $4.07
2026-06-17 18:22:22,144 [INFO] [STANDBY] Insufficient USDT (need $10.00).
2026-06-17 18:22:22,144 [INFO] [SLEEP] Sleeping for 120s…
2026-06-17 18:24:22,145 [INFO] ======================================================================
2026-06-17 18:24:22,145 [INFO] [LOOP] Cycle #21 | 2026-06-17 18:24:22
2026-06-17 18:24:22,145 [INFO] [MONITOR] Evaluating 9 open positions…
2026-06-17 18:24:22,264 [INFO] [DATA] TRXUSDT | now=0.3204 | entry=0.3173 | PnL=+0.98%
2026-06-17 18:24:22,383 [INFO] [DATA] SPCXBUSDT | now=207.7400 | entry=214.4700 | PnL=-3.14%
2026-06-17 18:24:22,503 [INFO] [DATA] RLUSDUSDT | now=1.0009 | entry=1.0008 | PnL=+0.01%
2026-06-17 18:24:22,623 [INFO] [DATA] ALLOUSDT | now=0.3709 | entry=0.3978 | PnL=-6.76%
2026-06-17 18:24:22,736 [INFO] [DATA] WLDUSDT | now=0.6575 | entry=0.6348 | PnL=+3.58%
2026-06-17 18:24:22,854 [INFO] [DATA] XLMUSDT | now=0.2266 | entry=0.2262 | PnL=+0.18%
2026-06-17 18:24:22,973 [INFO] [DATA] ENAUSDT | now=0.0897 | entry=0.0897 | PnL=+0.00%
2026-06-17 18:24:23,103 [INFO] [DATA] AAVEUSDT | now=75.2300 | entry=75.0100 | PnL=+0.29%
2026-06-17 18:24:23,223 [INFO] [DATA] UNIUSDT | now=3.3180 | entry=3.3250 | PnL=-0.21%
2026-06-17 18:24:23,223 [INFO] [INVENTORY] 9/10 slots used — 1 vacant.
2026-06-17 18:24:23,352 [INFO] [LIQUIDITY] Free USDT: $4.07
2026-06-17 18:24:23,352 [INFO] [STANDBY] Insufficient USDT (need $10.00).
2026-06-17 18:24:23,352 [INFO] [SLEEP] Sleeping for 120s…
2026-06-17 18:26:23,354 [INFO] ======================================================================
2026-06-17 18:26:23,354 [INFO] [LOOP] Cycle #22 | 2026-06-17 18:26:23
2026-06-17 18:26:23,354 [INFO] [MONITOR] Evaluating 9 open positions…
2026-06-17 18:26:23,475 [INFO] [DATA] TRXUSDT | now=0.3204 | entry=0.3173 | PnL=+0.98%
2026-06-17 18:26:23,594 [INFO] [DATA] SPCXBUSDT | now=208.0500 | entry=214.4700 | PnL=-2.99%
2026-06-17 18:26:23,699 [INFO] [DATA] RLUSDUSDT | now=1.0009 | entry=1.0008 | PnL=+0.01%
2026-06-17 18:26:23,838 [INFO] [DATA] ALLOUSDT | now=0.3728 | entry=0.3978 | PnL=-6.28%
2026-06-17 18:26:23,958 [INFO] [DATA] WLDUSDT | now=0.6571 | entry=0.6348 | PnL=+3.51%
2026-06-17 18:26:24,078 [INFO] [DATA] XLMUSDT | now=0.2267 | entry=0.2262 | PnL=+0.22%
2026-06-17 18:26:24,196 [INFO] [DATA] ENAUSDT | now=0.0896 | entry=0.0897 | PnL=-0.11%
2026-06-17 18:26:24,319 [INFO] [DATA] AAVEUSDT | now=75.3100 | entry=75.0100 | PnL=+0.40%
2026-06-17 18:26:24,436 [INFO] [DATA] UNIUSDT | now=3.3500 | entry=3.3250 | PnL=+0.75%
2026-06-17 18:26:24,436 [INFO] [INVENTORY] 9/10 slots used — 1 vacant.
2026-06-17 18:26:24,552 [INFO] [LIQUIDITY] Free USDT: $4.07
2026-06-17 18:26:24,552 [INFO] [STANDBY] Insufficient USDT (need $10.00).
2026-06-17 18:26:24,552 [INFO] [SLEEP] Sleeping for 120s…
2026-06-17 18:28:24,566 [INFO] ======================================================================
2026-06-17 18:28:24,566 [INFO] [LOOP] Cycle #23 | 2026-06-17 18:28:24
2026-06-17 18:28:24,566 [INFO] [MONITOR] Evaluating 9 open positions…
2026-06-17 18:28:24,688 [INFO] [DATA] TRXUSDT | now=0.3205 | entry=0.3173 | PnL=+1.01%
2026-06-17 18:28:24,798 [INFO] [DATA] SPCXBUSDT | now=207.6300 | entry=214.4700 | PnL=-3.19%
2026-06-17 18:28:24,934 [INFO] [DATA] RLUSDUSDT | now=1.0010 | entry=1.0008 | PnL=+0.02%
2026-06-17 18:28:25,066 [INFO] [DATA] ALLOUSDT | now=0.3722 | entry=0.3978 | PnL=-6.44%
2026-06-17 18:28:25,202 [INFO] [DATA] WLDUSDT | now=0.6582 | entry=0.6348 | PnL=+3.69%
2026-06-17 18:28:25,318 [INFO] [DATA] XLMUSDT | now=0.2277 | entry=0.2262 | PnL=+0.66%
2026-06-17 18:28:25,435 [INFO] [DATA] ENAUSDT | now=0.0899 | entry=0.0897 | PnL=+0.22%
2026-06-17 18:28:25,558 [INFO] [DATA] AAVEUSDT | now=75.4100 | entry=75.0100 | PnL=+0.53%
2026-06-17 18:28:25,693 [INFO] [DATA] UNIUSDT | now=3.3490 | entry=3.3250 | PnL=+0.72%
2026-06-17 18:28:25,693 [INFO] [INVENTORY] 9/10 slots used — 1 vacant.
2026-06-17 18:28:25,811 [INFO] [LIQUIDITY] Free USDT: $4.07
2026-06-17 18:28:25,826 [INFO] [STANDBY] Insufficient USDT (need $10.00).
2026-06-17 18:28:25,826 [INFO] [SLEEP] Sleeping for 120s…
2026-06-17 18:30:25,827 [INFO] ======================================================================
2026-06-17 18:30:25,827 [INFO] [LOOP] Cycle #24 | 2026-06-17 18:30:25
2026-06-17 18:30:25,827 [INFO] [MONITOR] Evaluating 9 open positions…
2026-06-17 18:30:25,950 [INFO] [DATA] TRXUSDT | now=0.3204 | entry=0.3173 | PnL=+0.98%
2026-06-17 18:30:26,074 [INFO] [DATA] SPCXBUSDT | now=207.4700 | entry=214.4700 | PnL=-3.26%
2026-06-17 18:30:26,186 [INFO] [DATA] RLUSDUSDT | now=1.0010 | entry=1.0008 | PnL=+0.02%
2026-06-17 18:30:26,305 [INFO] [DATA] ALLOUSDT | now=0.3729 | entry=0.3978 | PnL=-6.26%
2026-06-17 18:30:26,431 [INFO] [DATA] WLDUSDT | now=0.6545 | entry=0.6348 | PnL=+3.10%
2026-06-17 18:30:26,552 [INFO] [DATA] XLMUSDT | now=0.2261 | entry=0.2262 | PnL=-0.04%
2026-06-17 18:30:26,670 [INFO] [DATA] ENAUSDT | now=0.0902 | entry=0.0897 | PnL=+0.56%
2026-06-17 18:30:26,810 [INFO] [DATA] AAVEUSDT | now=75.3100 | entry=75.0100 | PnL=+0.40%
2026-06-17 18:30:26,936 [INFO] [DATA] UNIUSDT | now=3.3460 | entry=3.3250 | PnL=+0.63%
2026-06-17 18:30:26,936 [INFO] [INVENTORY] 9/10 slots used — 1 vacant.
2026-06-17 18:30:27,050 [INFO] [LIQUIDITY] Free USDT: $4.07
2026-06-17 18:30:27,050 [INFO] [STANDBY] Insufficient USDT (need $10.00).
2026-06-17 18:30:27,050 [INFO] [SLEEP] Sleeping for 120s…
2026-06-17 18:32:27,064 [INFO] ======================================================================
2026-06-17 18:32:27,064 [INFO] [LOOP] Cycle #25 | 2026-06-17 18:32:27
2026-06-17 18:32:27,064 [INFO] [MONITOR] Evaluating 9 open positions…
2026-06-17 18:32:27,200 [INFO] [DATA] TRXUSDT | now=0.3205 | entry=0.3173 | PnL=+1.01%
2026-06-17 18:32:27,346 [INFO] [DATA] SPCXBUSDT | now=208.7100 | entry=214.4700 | PnL=-2.69%
2026-06-17 18:32:27,527 [INFO] [DATA] RLUSDUSDT | now=1.0010 | entry=1.0008 | PnL=+0.02%
2026-06-17 18:32:27,650 [INFO] [DATA] ALLOUSDT | now=0.3720 | entry=0.3978 | PnL=-6.49%
2026-06-17 18:32:27,785 [INFO] [DATA] WLDUSDT | now=0.6581 | entry=0.6348 | PnL=+3.67%
2026-06-17 18:32:27,905 [INFO] [DATA] XLMUSDT | now=0.2275 | entry=0.2262 | PnL=+0.57%
2026-06-17 18:32:28,231 [INFO] [DATA] ENAUSDT | now=0.0907 | entry=0.0897 | PnL=+1.11%
2026-06-17 18:32:28,364 [INFO] [DATA] AAVEUSDT | now=75.3400 | entry=75.0100 | PnL=+0.44%
2026-06-17 18:32:28,506 [INFO] [DATA] UNIUSDT | now=3.3400 | entry=3.3250 | PnL=+0.45%
2026-06-17 18:32:28,507 [INFO] [INVENTORY] 9/10 slots used — 1 vacant.
2026-06-17 18:32:28,641 [INFO] [LIQUIDITY] Free USDT: $4.07
2026-06-17 18:32:28,641 [INFO] [STANDBY] Insufficient USDT (need $10.00).
2026-06-17 18:32:28,641 [INFO] [SLEEP] Sleeping for 120s…
2026-06-17 18:34:28,642 [INFO] ======================================================================
2026-06-17 18:34:28,642 [INFO] [LOOP] Cycle #26 | 2026-06-17 18:34:28
2026-06-17 18:34:28,642 [INFO] [MONITOR] Evaluating 9 open positions…
2026-06-17 18:34:28,774 [INFO] [DATA] TRXUSDT | now=0.3205 | entry=0.3173 | PnL=+1.01%
2026-06-17 18:34:28,889 [INFO] [DATA] SPCXBUSDT | now=209.6500 | entry=214.4700 | PnL=-2.25%
2026-06-17 18:34:29,105 [INFO] [DATA] RLUSDUSDT | now=1.0010 | entry=1.0008 | PnL=+0.02%
2026-06-17 18:34:29,230 [INFO] [DATA] ALLOUSDT | now=0.3709 | entry=0.3978 | PnL=-6.76%
2026-06-17 18:34:29,368 [INFO] [DATA] WLDUSDT | now=0.6564 | entry=0.6348 | PnL=+3.40%
2026-06-17 18:34:29,493 [INFO] [DATA] XLMUSDT | now=0.2265 | entry=0.2262 | PnL=+0.13%
2026-06-17 18:34:29,618 [INFO] [DATA] ENAUSDT | now=0.0904 | entry=0.0897 | PnL=+0.78%
2026-06-17 18:34:29,747 [INFO] [DATA] AAVEUSDT | now=75.3200 | entry=75.0100 | PnL=+0.41%
2026-06-17 18:34:29,980 [INFO] [DATA] UNIUSDT | now=3.3300 | entry=3.3250 | PnL=+0.15%
2026-06-17 18:34:29,980 [INFO] [INVENTORY] 9/10 slots used — 1 vacant.
2026-06-17 18:34:30,122 [INFO] [LIQUIDITY] Free USDT: $4.07
2026-06-17 18:34:30,122 [INFO] [STANDBY] Insufficient USDT (need $10.00).
2026-06-17 18:34:30,122 [INFO] [SLEEP] Sleeping for 120s…
